source: |-
  d
  l
  r
  o
  w
  _
  o
  l
  l
  e
  h
  ,
  ,
  ,
  ,
  ,
  ,
  ,
  ,
  ,
  ,
  ,
  exit
input: |

code: |
  PUSH d
  PUSH l
  PUSH r
  PUSH o
  PUSH w
  PUSH _
  PUSH o
  PUSH l
  PUSH l
  PUSH e
  PUSH h
  POP @var1
  POP @var1
  POP @var1
  POP @var1
  POP @var1
  POP @var1
  POP @var1
  POP @var1
  POP @var1
  POP @var1
  POP @var1
  EXIT
output: |
  source LoC: 23 code instr: 23
  ============================================================
  hello_world
  instr_counter:  22 ticks: 55

log: |
  DEBUG:root:PUSH 100 TICK: 0, IP: 0, ADDR: 3, TOS: 0, DS: 0
  DEBUG:root:PUSH 108 TICK: 2, IP: 1, ADDR: 3, TOS: 100, DS: 0
  DEBUG:root:PUSH 114 TICK: 4, IP: 2, ADDR: 3, TOS: 108, DS: 100
  DEBUG:root:PUSH 111 TICK: 6, IP: 3, ADDR: 3, TOS: 114, DS: 108
  DEBUG:root:PUSH 119 TICK: 8, IP: 4, ADDR: 3, TOS: 111, DS: 114
  DEBUG:root:PUSH 95 TICK: 10, IP: 5, ADDR: 3, TOS: 119, DS: 111
  DEBUG:root:PUSH 111 TICK: 12, IP: 6, ADDR: 3, TOS: 95, DS: 119
  DEBUG:root:PUSH 108 TICK: 14, IP: 7, ADDR: 3, TOS: 111, DS: 95
  DEBUG:root:PUSH 108 TICK: 16, IP: 8, ADDR: 3, TOS: 108, DS: 111
  DEBUG:root:PUSH 101 TICK: 18, IP: 9, ADDR: 3, TOS: 108, DS: 108
  DEBUG:root:PUSH 104 TICK: 20, IP: 10, ADDR: 3, TOS: 101, DS: 108
  DEBUG:root:POP 1 TICK: 22, IP: 11, ADDR: 3, TOS: 104, DS: 101
  DEBUG:root:POP 1 TICK: 25, IP: 12, ADDR: 1, TOS: 101, DS: 108
  DEBUG:root:POP 1 TICK: 28, IP: 13, ADDR: 1, TOS: 108, DS: 108
  DEBUG:root:POP 1 TICK: 31, IP: 14, ADDR: 1, TOS: 108, DS: 111
  DEBUG:root:POP 1 TICK: 34, IP: 15, ADDR: 1, TOS: 111, DS: 95
  DEBUG:root:POP 1 TICK: 37, IP: 16, ADDR: 1, TOS: 95, DS: 119
  DEBUG:root:POP 1 TICK: 40, IP: 17, ADDR: 1, TOS: 119, DS: 111
  DEBUG:root:POP 1 TICK: 43, IP: 18, ADDR: 1, TOS: 111, DS: 114
  DEBUG:root:POP 1 TICK: 46, IP: 19, ADDR: 1, TOS: 114, DS: 108
  DEBUG:root:POP 1 TICK: 49, IP: 20, ADDR: 1, TOS: 108, DS: 100
  DEBUG:root:POP 1 TICK: 52, IP: 21, ADDR: 1, TOS: 100, DS: 0
  DEBUG:root:EXIT 0 TICK: 55, IP: 22, ADDR: 1, TOS: 0, DS: 0
  INFO:root:output_buffer: 'hello_world'

