source: |-
  variable sum
  0
  sum !
  1
  2
  begin
  dup
  2
  mod
  0
  =
  if
  dup
  sum @
  +
  sum !
  endif
  dup_d
  +
  dup
  4000000
  >
  until
  sum @
  .
  exit
input: |

code: |
  VAR @sum
  PUSH 0
  POP @sum
  PUSH 1
  PUSH 2
  LINK @1
  DUP
  PUSH 2
  MOD
  PUSH 0
  EQ
  BZ @2
  DUP
  GET @sum
  ADD
  POP @sum
  LINK @2
  DUP_D
  ADD
  DUP
  PUSH 4000000
  GR
  BZ @1
  GET @sum
  POP @var0
  EXIT
output: |
  source LoC: 9 code instr: 26
  ============================================================
  4613732
  instr_counter:  422 ticks: 931

log: |
  DEBUG:root:PUSH 0 TICK: 0, IP: 0, ADDR: 4, TOS: 0, DS: 0
  DEBUG:root:POP 4 TICK: 2, IP: 1, ADDR: 4, TOS: 0, DS: 0
  DEBUG:root:PUSH 1 TICK: 5, IP: 2, ADDR: 4, TOS: 0, DS: 0
  DEBUG:root:PUSH 2 TICK: 7, IP: 3, ADDR: 4, TOS: 1, DS: 0
  DEBUG:root:DUP 0 TICK: 9, IP: 4, ADDR: 4, TOS: 2, DS: 1
  DEBUG:root:PUSH 2 TICK: 11, IP: 5, ADDR: 4, TOS: 2, DS: 2
  DEBUG:root:MOD 0 TICK: 13, IP: 6, ADDR: 4, TOS: 2, DS: 2
  DEBUG:root:PUSH 0 TICK: 15, IP: 7, ADDR: 4, TOS: 0, DS: 2
  DEBUG:root:EQ 0 TICK: 17, IP: 8, ADDR: 4, TOS: 0, DS: 0
  DEBUG:root:BZ 14 TICK: 19, IP: 9, ADDR: 4, TOS: 1, DS: 2
  DEBUG:root:DUP 0 TICK: 20, IP: 10, ADDR: 4, TOS: 2, DS: 1
  DEBUG:root:GET 4 TICK: 22, IP: 11, ADDR: 4, TOS: 2, DS: 2
  DEBUG:root:ADD 0 TICK: 25, IP: 12, ADDR: 4, TOS: 0, DS: 2
  DEBUG:root:POP 4 TICK: 27, IP: 13, ADDR: 4, TOS: 2, DS: 2
  DEBUG:root:DUP_D 0 TICK: 30, IP: 14, ADDR: 4, TOS: 2, DS: 1
  DEBUG:root:ADD 0 TICK: 36, IP: 15, ADDR: 4, TOS: 2, DS: 1
  DEBUG:root:DUP 0 TICK: 38, IP: 16, ADDR: 4, TOS: 3, DS: 2
  DEBUG:root:PUSH 4000000 TICK: 40, IP: 17, ADDR: 4, TOS: 3, DS: 3
  DEBUG:root:GR 0 TICK: 42, IP: 18, ADDR: 4, TOS: 4000000, DS: 3
  DEBUG:root:BZ 4 TICK: 44, IP: 19, ADDR: 4, TOS: 0, DS: 3
  DEBUG:root:DUP 0 TICK: 45, IP: 4, ADDR: 4, TOS: 3, DS: 2
  DEBUG:root:PUSH 2 TICK: 47, IP: 5, ADDR: 4, TOS: 3, DS: 3
  DEBUG:root:MOD 0 TICK: 49, IP: 6, ADDR: 4, TOS: 2, DS: 3
  DEBUG:root:PUSH 0 TICK: 51, IP: 7, ADDR: 4, TOS: 1, DS: 3
  DEBUG:root:EQ 0 TICK: 53, IP: 8, ADDR: 4, TOS: 0, DS: 1
  DEBUG:root:BZ 14 TICK: 55, IP: 9, ADDR: 4, TOS: 0, DS: 3
  DEBUG:root:DUP_D 0 TICK: 56, IP: 14, ADDR: 4, TOS: 3, DS: 2
  DEBUG:root:ADD 0 TICK: 62, IP: 15, ADDR: 4, TOS: 3, DS: 2
  DEBUG:root:DUP 0 TICK: 64, IP: 16, ADDR: 4, TOS: 5, DS: 3
  DEBUG:root:PUSH 4000000 TICK: 66, IP: 17, ADDR: 4, TOS: 5, DS: 5
  DEBUG:root:GR 0 TICK: 68, IP: 18, ADDR: 4, TOS: 4000000, DS: 5
  DEBUG:root:BZ 4 TICK: 70, IP: 19, ADDR: 4, TOS: 0, DS: 5
  DEBUG:root:DUP 0 TICK: 71, IP: 4, ADDR: 4, TOS: 5, DS: 3
  DEBUG:root:PUSH 2 TICK: 73, IP: 5, ADDR: 4, TOS: 5, DS: 5
  DEBUG:root:MOD 0 TICK: 75, IP: 6, ADDR: 4, TOS: 2, DS: 5
  DEBUG:root:PUSH 0 TICK: 77, IP: 7, ADDR: 4, TOS: 1, DS: 5
  DEBUG:root:EQ 0 TICK: 79, IP: 8, ADDR: 4, TOS: 0, DS: 1
  DEBUG:root:BZ 14 TICK: 81, IP: 9, ADDR: 4, TOS: 0, DS: 5
  DEBUG:root:DUP_D 0 TICK: 82, IP: 14, ADDR: 4, TOS: 5, DS: 3
  DEBUG:root:ADD 0 TICK: 88, IP: 15, ADDR: 4, TOS: 5, DS: 3
  DEBUG:root:DUP 0 TICK: 90, IP: 16, ADDR: 4, TOS: 8, DS: 5
  DEBUG:root:PUSH 4000000 TICK: 92, IP: 17, ADDR: 4, TOS: 8, DS: 8
  DEBUG:root:GR 0 TICK: 94, IP: 18, ADDR: 4, TOS: 4000000, DS: 8
  DEBUG:root:BZ 4 TICK: 96, IP: 19, ADDR: 4, TOS: 0, DS: 8
  DEBUG:root:DUP 0 TICK: 97, IP: 4, ADDR: 4, TOS: 8, DS: 5
  DEBUG:root:PUSH 2 TICK: 99, IP: 5, ADDR: 4, TOS: 8, DS: 8
  DEBUG:root:MOD 0 TICK: 101, IP: 6, ADDR: 4, TOS: 2, DS: 8
  DEBUG:root:PUSH 0 TICK: 103, IP: 7, ADDR: 4, TOS: 0, DS: 8
  DEBUG:root:EQ 0 TICK: 105, IP: 8, ADDR: 4, TOS: 0, DS: 0
  DEBUG:root:BZ 14 TICK: 107, IP: 9, ADDR: 4, TOS: 1, DS: 8
  DEBUG:root:DUP 0 TICK: 108, IP: 10, ADDR: 4, TOS: 8, DS: 5
  DEBUG:root:GET 4 TICK: 110, IP: 11, ADDR: 4, TOS: 8, DS: 8
  DEBUG:root:ADD 0 TICK: 113, IP: 12, ADDR: 4, TOS: 2, DS: 8
  DEBUG:root:POP 4 TICK: 115, IP: 13, ADDR: 4, TOS: 10, DS: 8
  DEBUG:root:DUP_D 0 TICK: 118, IP: 14, ADDR: 4, TOS: 8, DS: 5
  DEBUG:root:ADD 0 TICK: 124, IP: 15, ADDR: 4, TOS: 8, DS: 5
  DEBUG:root:DUP 0 TICK: 126, IP: 16, ADDR: 4, TOS: 13, DS: 8
  DEBUG:root:PUSH 4000000 TICK: 128, IP: 17, ADDR: 4, TOS: 13, DS: 13
  DEBUG:root:GR 0 TICK: 130, IP: 18, ADDR: 4, TOS: 4000000, DS: 13
  DEBUG:root:BZ 4 TICK: 132, IP: 19, ADDR: 4, TOS: 0, DS: 13
  DEBUG:root:DUP 0 TICK: 133, IP: 4, ADDR: 4, TOS: 13, DS: 8
  DEBUG:root:PUSH 2 TICK: 135, IP: 5, ADDR: 4, TOS: 13, DS: 13
  DEBUG:root:MOD 0 TICK: 137, IP: 6, ADDR: 4, TOS: 2, DS: 13
  DEBUG:root:PUSH 0 TICK: 139, IP: 7, ADDR: 4, TOS: 1, DS: 13
  DEBUG:root:EQ 0 TICK: 141, IP: 8, ADDR: 4, TOS: 0, DS: 1
  DEBUG:root:BZ 14 TICK: 143, IP: 9, ADDR: 4, TOS: 0, DS: 13
  DEBUG:root:DUP_D 0 TICK: 144, IP: 14, ADDR: 4, TOS: 13, DS: 8
  DEBUG:root:ADD 0 TICK: 150, IP: 15, ADDR: 4, TOS: 13, DS: 8
  DEBUG:root:DUP 0 TICK: 152, IP: 16, ADDR: 4, TOS: 21, DS: 13
  DEBUG:root:PUSH 4000000 TICK: 154, IP: 17, ADDR: 4, TOS: 21, DS: 21
  DEBUG:root:GR 0 TICK: 156, IP: 18, ADDR: 4, TOS: 4000000, DS: 21
  DEBUG:root:BZ 4 TICK: 158, IP: 19, ADDR: 4, TOS: 0, DS: 21
  DEBUG:root:DUP 0 TICK: 159, IP: 4, ADDR: 4, TOS: 21, DS: 13
  DEBUG:root:PUSH 2 TICK: 161, IP: 5, ADDR: 4, TOS: 21, DS: 21
  DEBUG:root:MOD 0 TICK: 163, IP: 6, ADDR: 4, TOS: 2, DS: 21
  DEBUG:root:PUSH 0 TICK: 165, IP: 7, ADDR: 4, TOS: 1, DS: 21
  DEBUG:root:EQ 0 TICK: 167, IP: 8, ADDR: 4, TOS: 0, DS: 1
  DEBUG:root:BZ 14 TICK: 169, IP: 9, ADDR: 4, TOS: 0, DS: 21
  DEBUG:root:DUP_D 0 TICK: 170, IP: 14, ADDR: 4, TOS: 21, DS: 13
  DEBUG:root:ADD 0 TICK: 176, IP: 15, ADDR: 4, TOS: 21, DS: 13
  DEBUG:root:DUP 0 TICK: 178, IP: 16, ADDR: 4, TOS: 34, DS: 21
  DEBUG:root:PUSH 4000000 TICK: 180, IP: 17, ADDR: 4, TOS: 34, DS: 34
  DEBUG:root:GR 0 TICK: 182, IP: 18, ADDR: 4, TOS: 4000000, DS: 34
  DEBUG:root:BZ 4 TICK: 184, IP: 19, ADDR: 4, TOS: 0, DS: 34
  DEBUG:root:DUP 0 TICK: 185, IP: 4, ADDR: 4, TOS: 34, DS: 21
  DEBUG:root:PUSH 2 TICK: 187, IP: 5, ADDR: 4, TOS: 34, DS: 34
  DEBUG:root:MOD 0 TICK: 189, IP: 6, ADDR: 4, TOS: 2, DS: 34
  DEBUG:root:PUSH 0 TICK: 191, IP: 7, ADDR: 4, TOS: 0, DS: 34
  DEBUG:root:EQ 0 TICK: 193, IP: 8, ADDR: 4, TOS: 0, DS: 0
  DEBUG:root:BZ 14 TICK: 195, IP: 9, ADDR: 4, TOS: 1, DS: 34
  DEBUG:root:DUP 0 TICK: 196, IP: 10, ADDR: 4, TOS: 34, DS: 21
  DEBUG:root:GET 4 TICK: 198, IP: 11, ADDR: 4, TOS: 34, DS: 34
  DEBUG:root:ADD 0 TICK: 201, IP: 12, ADDR: 4, TOS: 10, DS: 34
  DEBUG:root:POP 4 TICK: 203, IP: 13, ADDR: 4, TOS: 44, DS: 34
  DEBUG:root:DUP_D 0 TICK: 206, IP: 14, ADDR: 4, TOS: 34, DS: 21
  DEBUG:root:ADD 0 TICK: 212, IP: 15, ADDR: 4, TOS: 34, DS: 21
  DEBUG:root:DUP 0 TICK: 214, IP: 16, ADDR: 4, TOS: 55, DS: 34
  DEBUG:root:PUSH 4000000 TICK: 216, IP: 17, ADDR: 4, TOS: 55, DS: 55
  DEBUG:root:GR 0 TICK: 218, IP: 18, ADDR: 4, TOS: 4000000, DS: 55
  DEBUG:root:BZ 4 TICK: 220, IP: 19, ADDR: 4, TOS: 0, DS: 55
  DEBUG:root:DUP 0 TICK: 221, IP: 4, ADDR: 4, TOS: 55, DS: 34
  DEBUG:root:PUSH 2 TICK: 223, IP: 5, ADDR: 4, TOS: 55, DS: 55
  DEBUG:root:MOD 0 TICK: 225, IP: 6, ADDR: 4, TOS: 2, DS: 55
  DEBUG:root:PUSH 0 TICK: 227, IP: 7, ADDR: 4, TOS: 1, DS: 55
  DEBUG:root:EQ 0 TICK: 229, IP: 8, ADDR: 4, TOS: 0, DS: 1
  DEBUG:root:BZ 14 TICK: 231, IP: 9, ADDR: 4, TOS: 0, DS: 55
  DEBUG:root:DUP_D 0 TICK: 232, IP: 14, ADDR: 4, TOS: 55, DS: 34
  DEBUG:root:ADD 0 TICK: 238, IP: 15, ADDR: 4, TOS: 55, DS: 34
  DEBUG:root:DUP 0 TICK: 240, IP: 16, ADDR: 4, TOS: 89, DS: 55
  DEBUG:root:PUSH 4000000 TICK: 242, IP: 17, ADDR: 4, TOS: 89, DS: 89
  DEBUG:root:GR 0 TICK: 244, IP: 18, ADDR: 4, TOS: 4000000, DS: 89
  DEBUG:root:BZ 4 TICK: 246, IP: 19, ADDR: 4, TOS: 0, DS: 89
  DEBUG:root:DUP 0 TICK: 247, IP: 4, ADDR: 4, TOS: 89, DS: 55
  DEBUG:root:PUSH 2 TICK: 249, IP: 5, ADDR: 4, TOS: 89, DS: 89
  DEBUG:root:MOD 0 TICK: 251, IP: 6, ADDR: 4, TOS: 2, DS: 89
  DEBUG:root:PUSH 0 TICK: 253, IP: 7, ADDR: 4, TOS: 1, DS: 89
  DEBUG:root:EQ 0 TICK: 255, IP: 8, ADDR: 4, TOS: 0, DS: 1
  DEBUG:root:BZ 14 TICK: 257, IP: 9, ADDR: 4, TOS: 0, DS: 89
  DEBUG:root:DUP_D 0 TICK: 258, IP: 14, ADDR: 4, TOS: 89, DS: 55
  DEBUG:root:ADD 0 TICK: 264, IP: 15, ADDR: 4, TOS: 89, DS: 55
  DEBUG:root:DUP 0 TICK: 266, IP: 16, ADDR: 4, TOS: 144, DS: 89
  DEBUG:root:PUSH 4000000 TICK: 268, IP: 17, ADDR: 4, TOS: 144, DS: 144
  DEBUG:root:GR 0 TICK: 270, IP: 18, ADDR: 4, TOS: 4000000, DS: 144
  DEBUG:root:BZ 4 TICK: 272, IP: 19, ADDR: 4, TOS: 0, DS: 144
  DEBUG:root:DUP 0 TICK: 273, IP: 4, ADDR: 4, TOS: 144, DS: 89
  DEBUG:root:PUSH 2 TICK: 275, IP: 5, ADDR: 4, TOS: 144, DS: 144
  DEBUG:root:MOD 0 TICK: 277, IP: 6, ADDR: 4, TOS: 2, DS: 144
  DEBUG:root:PUSH 0 TICK: 279, IP: 7, ADDR: 4, TOS: 0, DS: 144
  DEBUG:root:EQ 0 TICK: 281, IP: 8, ADDR: 4, TOS: 0, DS: 0
  DEBUG:root:BZ 14 TICK: 283, IP: 9, ADDR: 4, TOS: 1, DS: 144
  DEBUG:root:DUP 0 TICK: 284, IP: 10, ADDR: 4, TOS: 144, DS: 89
  DEBUG:root:GET 4 TICK: 286, IP: 11, ADDR: 4, TOS: 144, DS: 144
  DEBUG:root:ADD 0 TICK: 289, IP: 12, ADDR: 4, TOS: 44, DS: 144
  DEBUG:root:POP 4 TICK: 291, IP: 13, ADDR: 4, TOS: 188, DS: 144
  DEBUG:root:DUP_D 0 TICK: 294, IP: 14, ADDR: 4, TOS: 144, DS: 89
  DEBUG:root:ADD 0 TICK: 300, IP: 15, ADDR: 4, TOS: 144, DS: 89
  DEBUG:root:DUP 0 TICK: 302, IP: 16, ADDR: 4, TOS: 233, DS: 144
  DEBUG:root:PUSH 4000000 TICK: 304, IP: 17, ADDR: 4, TOS: 233, DS: 233
  DEBUG:root:GR 0 TICK: 306, IP: 18, ADDR: 4, TOS: 4000000, DS: 233
  DEBUG:root:BZ 4 TICK: 308, IP: 19, ADDR: 4, TOS: 0, DS: 233
  DEBUG:root:DUP 0 TICK: 309, IP: 4, ADDR: 4, TOS: 233, DS: 144
  DEBUG:root:PUSH 2 TICK: 311, IP: 5, ADDR: 4, TOS: 233, DS: 233
  DEBUG:root:MOD 0 TICK: 313, IP: 6, ADDR: 4, TOS: 2, DS: 233
  DEBUG:root:PUSH 0 TICK: 315, IP: 7, ADDR: 4, TOS: 1, DS: 233
  DEBUG:root:EQ 0 TICK: 317, IP: 8, ADDR: 4, TOS: 0, DS: 1
  DEBUG:root:BZ 14 TICK: 319, IP: 9, ADDR: 4, TOS: 0, DS: 233
  DEBUG:root:DUP_D 0 TICK: 320, IP: 14, ADDR: 4, TOS: 233, DS: 144
  DEBUG:root:ADD 0 TICK: 326, IP: 15, ADDR: 4, TOS: 233, DS: 144
  DEBUG:root:DUP 0 TICK: 328, IP: 16, ADDR: 4, TOS: 377, DS: 233
  DEBUG:root:PUSH 4000000 TICK: 330, IP: 17, ADDR: 4, TOS: 377, DS: 377
  DEBUG:root:GR 0 TICK: 332, IP: 18, ADDR: 4, TOS: 4000000, DS: 377
  DEBUG:root:BZ 4 TICK: 334, IP: 19, ADDR: 4, TOS: 0, DS: 377
  DEBUG:root:DUP 0 TICK: 335, IP: 4, ADDR: 4, TOS: 377, DS: 233
  DEBUG:root:PUSH 2 TICK: 337, IP: 5, ADDR: 4, TOS: 377, DS: 377
  DEBUG:root:MOD 0 TICK: 339, IP: 6, ADDR: 4, TOS: 2, DS: 377
  DEBUG:root:PUSH 0 TICK: 341, IP: 7, ADDR: 4, TOS: 1, DS: 377
  DEBUG:root:EQ 0 TICK: 343, IP: 8, ADDR: 4, TOS: 0, DS: 1
  DEBUG:root:BZ 14 TICK: 345, IP: 9, ADDR: 4, TOS: 0, DS: 377
  DEBUG:root:DUP_D 0 TICK: 346, IP: 14, ADDR: 4, TOS: 377, DS: 233
  DEBUG:root:ADD 0 TICK: 352, IP: 15, ADDR: 4, TOS: 377, DS: 233
  DEBUG:root:DUP 0 TICK: 354, IP: 16, ADDR: 4, TOS: 610, DS: 377
  DEBUG:root:PUSH 4000000 TICK: 356, IP: 17, ADDR: 4, TOS: 610, DS: 610
  DEBUG:root:GR 0 TICK: 358, IP: 18, ADDR: 4, TOS: 4000000, DS: 610
  DEBUG:root:BZ 4 TICK: 360, IP: 19, ADDR: 4, TOS: 0, DS: 610
  DEBUG:root:DUP 0 TICK: 361, IP: 4, ADDR: 4, TOS: 610, DS: 377
  DEBUG:root:PUSH 2 TICK: 363, IP: 5, ADDR: 4, TOS: 610, DS: 610
  DEBUG:root:MOD 0 TICK: 365, IP: 6, ADDR: 4, TOS: 2, DS: 610
  DEBUG:root:PUSH 0 TICK: 367, IP: 7, ADDR: 4, TOS: 0, DS: 610
  DEBUG:root:EQ 0 TICK: 369, IP: 8, ADDR: 4, TOS: 0, DS: 0
  DEBUG:root:BZ 14 TICK: 371, IP: 9, ADDR: 4, TOS: 1, DS: 610
  DEBUG:root:DUP 0 TICK: 372, IP: 10, ADDR: 4, TOS: 610, DS: 377
  DEBUG:root:GET 4 TICK: 374, IP: 11, ADDR: 4, TOS: 610, DS: 610
  DEBUG:root:ADD 0 TICK: 377, IP: 12, ADDR: 4, TOS: 188, DS: 610
  DEBUG:root:POP 4 TICK: 379, IP: 13, ADDR: 4, TOS: 798, DS: 610
  DEBUG:root:DUP_D 0 TICK: 382, IP: 14, ADDR: 4, TOS: 610, DS: 377
  DEBUG:root:ADD 0 TICK: 388, IP: 15, ADDR: 4, TOS: 610, DS: 377
  DEBUG:root:DUP 0 TICK: 390, IP: 16, ADDR: 4, TOS: 987, DS: 610
  DEBUG:root:PUSH 4000000 TICK: 392, IP: 17, ADDR: 4, TOS: 987, DS: 987
  DEBUG:root:GR 0 TICK: 394, IP: 18, ADDR: 4, TOS: 4000000, DS: 987
  DEBUG:root:BZ 4 TICK: 396, IP: 19, ADDR: 4, TOS: 0, DS: 987
  DEBUG:root:DUP 0 TICK: 397, IP: 4, ADDR: 4, TOS: 987, DS: 610
  DEBUG:root:PUSH 2 TICK: 399, IP: 5, ADDR: 4, TOS: 987, DS: 987
  DEBUG:root:MOD 0 TICK: 401, IP: 6, ADDR: 4, TOS: 2, DS: 987
  DEBUG:root:PUSH 0 TICK: 403, IP: 7, ADDR: 4, TOS: 1, DS: 987
  DEBUG:root:EQ 0 TICK: 405, IP: 8, ADDR: 4, TOS: 0, DS: 1
  DEBUG:root:BZ 14 TICK: 407, IP: 9, ADDR: 4, TOS: 0, DS: 987
  DEBUG:root:DUP_D 0 TICK: 408, IP: 14, ADDR: 4, TOS: 987, DS: 610
  DEBUG:root:ADD 0 TICK: 414, IP: 15, ADDR: 4, TOS: 987, DS: 610
  DEBUG:root:DUP 0 TICK: 416, IP: 16, ADDR: 4, TOS: 1597, DS: 987
  DEBUG:root:PUSH 4000000 TICK: 418, IP: 17, ADDR: 4, TOS: 1597, DS: 1597
  DEBUG:root:GR 0 TICK: 420, IP: 18, ADDR: 4, TOS: 4000000, DS: 1597
  DEBUG:root:BZ 4 TICK: 422, IP: 19, ADDR: 4, TOS: 0, DS: 1597
  DEBUG:root:DUP 0 TICK: 423, IP: 4, ADDR: 4, TOS: 1597, DS: 987
  DEBUG:root:PUSH 2 TICK: 425, IP: 5, ADDR: 4, TOS: 1597, DS: 1597
  DEBUG:root:MOD 0 TICK: 427, IP: 6, ADDR: 4, TOS: 2, DS: 1597
  DEBUG:root:PUSH 0 TICK: 429, IP: 7, ADDR: 4, TOS: 1, DS: 1597
  DEBUG:root:EQ 0 TICK: 431, IP: 8, ADDR: 4, TOS: 0, DS: 1
  DEBUG:root:BZ 14 TICK: 433, IP: 9, ADDR: 4, TOS: 0, DS: 1597
  DEBUG:root:DUP_D 0 TICK: 434, IP: 14, ADDR: 4, TOS: 1597, DS: 987
  DEBUG:root:ADD 0 TICK: 440, IP: 15, ADDR: 4, TOS: 1597, DS: 987
  DEBUG:root:DUP 0 TICK: 442, IP: 16, ADDR: 4, TOS: 2584, DS: 1597
  DEBUG:root:PUSH 4000000 TICK: 444, IP: 17, ADDR: 4, TOS: 2584, DS: 2584
  DEBUG:root:GR 0 TICK: 446, IP: 18, ADDR: 4, TOS: 4000000, DS: 2584
  DEBUG:root:BZ 4 TICK: 448, IP: 19, ADDR: 4, TOS: 0, DS: 2584
  DEBUG:root:DUP 0 TICK: 449, IP: 4, ADDR: 4, TOS: 2584, DS: 1597
  DEBUG:root:PUSH 2 TICK: 451, IP: 5, ADDR: 4, TOS: 2584, DS: 2584
  DEBUG:root:MOD 0 TICK: 453, IP: 6, ADDR: 4, TOS: 2, DS: 2584
  DEBUG:root:PUSH 0 TICK: 455, IP: 7, ADDR: 4, TOS: 0, DS: 2584
  DEBUG:root:EQ 0 TICK: 457, IP: 8, ADDR: 4, TOS: 0, DS: 0
  DEBUG:root:BZ 14 TICK: 459, IP: 9, ADDR: 4, TOS: 1, DS: 2584
  DEBUG:root:DUP 0 TICK: 460, IP: 10, ADDR: 4, TOS: 2584, DS: 1597
  DEBUG:root:GET 4 TICK: 462, IP: 11, ADDR: 4, TOS: 2584, DS: 2584
  DEBUG:root:ADD 0 TICK: 465, IP: 12, ADDR: 4, TOS: 798, DS: 2584
  DEBUG:root:POP 4 TICK: 467, IP: 13, ADDR: 4, TOS: 3382, DS: 2584
  DEBUG:root:DUP_D 0 TICK: 470, IP: 14, ADDR: 4, TOS: 2584, DS: 1597
  DEBUG:root:ADD 0 TICK: 476, IP: 15, ADDR: 4, TOS: 2584, DS: 1597
  DEBUG:root:DUP 0 TICK: 478, IP: 16, ADDR: 4, TOS: 4181, DS: 2584
  DEBUG:root:PUSH 4000000 TICK: 480, IP: 17, ADDR: 4, TOS: 4181, DS: 4181
  DEBUG:root:GR 0 TICK: 482, IP: 18, ADDR: 4, TOS: 4000000, DS: 4181
  DEBUG:root:BZ 4 TICK: 484, IP: 19, ADDR: 4, TOS: 0, DS: 4181
  DEBUG:root:DUP 0 TICK: 485, IP: 4, ADDR: 4, TOS: 4181, DS: 2584
  DEBUG:root:PUSH 2 TICK: 487, IP: 5, ADDR: 4, TOS: 4181, DS: 4181
  DEBUG:root:MOD 0 TICK: 489, IP: 6, ADDR: 4, TOS: 2, DS: 4181
  DEBUG:root:PUSH 0 TICK: 491, IP: 7, ADDR: 4, TOS: 1, DS: 4181
  DEBUG:root:EQ 0 TICK: 493, IP: 8, ADDR: 4, TOS: 0, DS: 1
  DEBUG:root:BZ 14 TICK: 495, IP: 9, ADDR: 4, TOS: 0, DS: 4181
  DEBUG:root:DUP_D 0 TICK: 496, IP: 14, ADDR: 4, TOS: 4181, DS: 2584
  DEBUG:root:ADD 0 TICK: 502, IP: 15, ADDR: 4, TOS: 4181, DS: 2584
  DEBUG:root:DUP 0 TICK: 504, IP: 16, ADDR: 4, TOS: 6765, DS: 4181
  DEBUG:root:PUSH 4000000 TICK: 506, IP: 17, ADDR: 4, TOS: 6765, DS: 6765
  DEBUG:root:GR 0 TICK: 508, IP: 18, ADDR: 4, TOS: 4000000, DS: 6765
  DEBUG:root:BZ 4 TICK: 510, IP: 19, ADDR: 4, TOS: 0, DS: 6765
  DEBUG:root:DUP 0 TICK: 511, IP: 4, ADDR: 4, TOS: 6765, DS: 4181
  DEBUG:root:PUSH 2 TICK: 513, IP: 5, ADDR: 4, TOS: 6765, DS: 6765
  DEBUG:root:MOD 0 TICK: 515, IP: 6, ADDR: 4, TOS: 2, DS: 6765
  DEBUG:root:PUSH 0 TICK: 517, IP: 7, ADDR: 4, TOS: 1, DS: 6765
  DEBUG:root:EQ 0 TICK: 519, IP: 8, ADDR: 4, TOS: 0, DS: 1
  DEBUG:root:BZ 14 TICK: 521, IP: 9, ADDR: 4, TOS: 0, DS: 6765
  DEBUG:root:DUP_D 0 TICK: 522, IP: 14, ADDR: 4, TOS: 6765, DS: 4181
  DEBUG:root:ADD 0 TICK: 528, IP: 15, ADDR: 4, TOS: 6765, DS: 4181
  DEBUG:root:DUP 0 TICK: 530, IP: 16, ADDR: 4, TOS: 10946, DS: 6765
  DEBUG:root:PUSH 4000000 TICK: 532, IP: 17, ADDR: 4, TOS: 10946, DS: 10946
  DEBUG:root:GR 0 TICK: 534, IP: 18, ADDR: 4, TOS: 4000000, DS: 10946
  DEBUG:root:BZ 4 TICK: 536, IP: 19, ADDR: 4, TOS: 0, DS: 10946
  DEBUG:root:DUP 0 TICK: 537, IP: 4, ADDR: 4, TOS: 10946, DS: 6765
  DEBUG:root:PUSH 2 TICK: 539, IP: 5, ADDR: 4, TOS: 10946, DS: 10946
  DEBUG:root:MOD 0 TICK: 541, IP: 6, ADDR: 4, TOS: 2, DS: 10946
  DEBUG:root:PUSH 0 TICK: 543, IP: 7, ADDR: 4, TOS: 0, DS: 10946
  DEBUG:root:EQ 0 TICK: 545, IP: 8, ADDR: 4, TOS: 0, DS: 0
  DEBUG:root:BZ 14 TICK: 547, IP: 9, ADDR: 4, TOS: 1, DS: 10946
  DEBUG:root:DUP 0 TICK: 548, IP: 10, ADDR: 4, TOS: 10946, DS: 6765
  DEBUG:root:GET 4 TICK: 550, IP: 11, ADDR: 4, TOS: 10946, DS: 10946
  DEBUG:root:ADD 0 TICK: 553, IP: 12, ADDR: 4, TOS: 3382, DS: 10946
  DEBUG:root:POP 4 TICK: 555, IP: 13, ADDR: 4, TOS: 14328, DS: 10946
  DEBUG:root:DUP_D 0 TICK: 558, IP: 14, ADDR: 4, TOS: 10946, DS: 6765
  DEBUG:root:ADD 0 TICK: 564, IP: 15, ADDR: 4, TOS: 10946, DS: 6765
  DEBUG:root:DUP 0 TICK: 566, IP: 16, ADDR: 4, TOS: 17711, DS: 10946
  DEBUG:root:PUSH 4000000 TICK: 568, IP: 17, ADDR: 4, TOS: 17711, DS: 17711
  DEBUG:root:GR 0 TICK: 570, IP: 18, ADDR: 4, TOS: 4000000, DS: 17711
  DEBUG:root:BZ 4 TICK: 572, IP: 19, ADDR: 4, TOS: 0, DS: 17711
  DEBUG:root:DUP 0 TICK: 573, IP: 4, ADDR: 4, TOS: 17711, DS: 10946
  DEBUG:root:PUSH 2 TICK: 575, IP: 5, ADDR: 4, TOS: 17711, DS: 17711
  DEBUG:root:MOD 0 TICK: 577, IP: 6, ADDR: 4, TOS: 2, DS: 17711
  DEBUG:root:PUSH 0 TICK: 579, IP: 7, ADDR: 4, TOS: 1, DS: 17711
  DEBUG:root:EQ 0 TICK: 581, IP: 8, ADDR: 4, TOS: 0, DS: 1
  DEBUG:root:BZ 14 TICK: 583, IP: 9, ADDR: 4, TOS: 0, DS: 17711
  DEBUG:root:DUP_D 0 TICK: 584, IP: 14, ADDR: 4, TOS: 17711, DS: 10946
  DEBUG:root:ADD 0 TICK: 590, IP: 15, ADDR: 4, TOS: 17711, DS: 10946
  DEBUG:root:DUP 0 TICK: 592, IP: 16, ADDR: 4, TOS: 28657, DS: 17711
  DEBUG:root:PUSH 4000000 TICK: 594, IP: 17, ADDR: 4, TOS: 28657, DS: 28657
  DEBUG:root:GR 0 TICK: 596, IP: 18, ADDR: 4, TOS: 4000000, DS: 28657
  DEBUG:root:BZ 4 TICK: 598, IP: 19, ADDR: 4, TOS: 0, DS: 28657
  DEBUG:root:DUP 0 TICK: 599, IP: 4, ADDR: 4, TOS: 28657, DS: 17711
  DEBUG:root:PUSH 2 TICK: 601, IP: 5, ADDR: 4, TOS: 28657, DS: 28657
  DEBUG:root:MOD 0 TICK: 603, IP: 6, ADDR: 4, TOS: 2, DS: 28657
  DEBUG:root:PUSH 0 TICK: 605, IP: 7, ADDR: 4, TOS: 1, DS: 28657
  DEBUG:root:EQ 0 TICK: 607, IP: 8, ADDR: 4, TOS: 0, DS: 1
  DEBUG:root:BZ 14 TICK: 609, IP: 9, ADDR: 4, TOS: 0, DS: 28657
  DEBUG:root:DUP_D 0 TICK: 610, IP: 14, ADDR: 4, TOS: 28657, DS: 17711
  DEBUG:root:ADD 0 TICK: 616, IP: 15, ADDR: 4, TOS: 28657, DS: 17711
  DEBUG:root:DUP 0 TICK: 618, IP: 16, ADDR: 4, TOS: 46368, DS: 28657
  DEBUG:root:PUSH 4000000 TICK: 620, IP: 17, ADDR: 4, TOS: 46368, DS: 46368
  DEBUG:root:GR 0 TICK: 622, IP: 18, ADDR: 4, TOS: 4000000, DS: 46368
  DEBUG:root:BZ 4 TICK: 624, IP: 19, ADDR: 4, TOS: 0, DS: 46368
  DEBUG:root:DUP 0 TICK: 625, IP: 4, ADDR: 4, TOS: 46368, DS: 28657
  DEBUG:root:PUSH 2 TICK: 627, IP: 5, ADDR: 4, TOS: 46368, DS: 46368
  DEBUG:root:MOD 0 TICK: 629, IP: 6, ADDR: 4, TOS: 2, DS: 46368
  DEBUG:root:PUSH 0 TICK: 631, IP: 7, ADDR: 4, TOS: 0, DS: 46368
  DEBUG:root:EQ 0 TICK: 633, IP: 8, ADDR: 4, TOS: 0, DS: 0
  DEBUG:root:BZ 14 TICK: 635, IP: 9, ADDR: 4, TOS: 1, DS: 46368
  DEBUG:root:DUP 0 TICK: 636, IP: 10, ADDR: 4, TOS: 46368, DS: 28657
  DEBUG:root:GET 4 TICK: 638, IP: 11, ADDR: 4, TOS: 46368, DS: 46368
  DEBUG:root:ADD 0 TICK: 641, IP: 12, ADDR: 4, TOS: 14328, DS: 46368
  DEBUG:root:POP 4 TICK: 643, IP: 13, ADDR: 4, TOS: 60696, DS: 46368
  DEBUG:root:DUP_D 0 TICK: 646, IP: 14, ADDR: 4, TOS: 46368, DS: 28657
  DEBUG:root:ADD 0 TICK: 652, IP: 15, ADDR: 4, TOS: 46368, DS: 28657
  DEBUG:root:DUP 0 TICK: 654, IP: 16, ADDR: 4, TOS: 75025, DS: 46368
  DEBUG:root:PUSH 4000000 TICK: 656, IP: 17, ADDR: 4, TOS: 75025, DS: 75025
  DEBUG:root:GR 0 TICK: 658, IP: 18, ADDR: 4, TOS: 4000000, DS: 75025
  DEBUG:root:BZ 4 TICK: 660, IP: 19, ADDR: 4, TOS: 0, DS: 75025
  DEBUG:root:DUP 0 TICK: 661, IP: 4, ADDR: 4, TOS: 75025, DS: 46368
  DEBUG:root:PUSH 2 TICK: 663, IP: 5, ADDR: 4, TOS: 75025, DS: 75025
  DEBUG:root:MOD 0 TICK: 665, IP: 6, ADDR: 4, TOS: 2, DS: 75025
  DEBUG:root:PUSH 0 TICK: 667, IP: 7, ADDR: 4, TOS: 1, DS: 75025
  DEBUG:root:EQ 0 TICK: 669, IP: 8, ADDR: 4, TOS: 0, DS: 1
  DEBUG:root:BZ 14 TICK: 671, IP: 9, ADDR: 4, TOS: 0, DS: 75025
  DEBUG:root:DUP_D 0 TICK: 672, IP: 14, ADDR: 4, TOS: 75025, DS: 46368
  DEBUG:root:ADD 0 TICK: 678, IP: 15, ADDR: 4, TOS: 75025, DS: 46368
  DEBUG:root:DUP 0 TICK: 680, IP: 16, ADDR: 4, TOS: 121393, DS: 75025
  DEBUG:root:PUSH 4000000 TICK: 682, IP: 17, ADDR: 4, TOS: 121393, DS: 121393
  DEBUG:root:GR 0 TICK: 684, IP: 18, ADDR: 4, TOS: 4000000, DS: 121393
  DEBUG:root:BZ 4 TICK: 686, IP: 19, ADDR: 4, TOS: 0, DS: 121393
  DEBUG:root:DUP 0 TICK: 687, IP: 4, ADDR: 4, TOS: 121393, DS: 75025
  DEBUG:root:PUSH 2 TICK: 689, IP: 5, ADDR: 4, TOS: 121393, DS: 121393
  DEBUG:root:MOD 0 TICK: 691, IP: 6, ADDR: 4, TOS: 2, DS: 121393
  DEBUG:root:PUSH 0 TICK: 693, IP: 7, ADDR: 4, TOS: 1, DS: 121393
  DEBUG:root:EQ 0 TICK: 695, IP: 8, ADDR: 4, TOS: 0, DS: 1
  DEBUG:root:BZ 14 TICK: 697, IP: 9, ADDR: 4, TOS: 0, DS: 121393
  DEBUG:root:DUP_D 0 TICK: 698, IP: 14, ADDR: 4, TOS: 121393, DS: 75025
  DEBUG:root:ADD 0 TICK: 704, IP: 15, ADDR: 4, TOS: 121393, DS: 75025
  DEBUG:root:DUP 0 TICK: 706, IP: 16, ADDR: 4, TOS: 196418, DS: 121393
  DEBUG:root:PUSH 4000000 TICK: 708, IP: 17, ADDR: 4, TOS: 196418, DS: 196418
  DEBUG:root:GR 0 TICK: 710, IP: 18, ADDR: 4, TOS: 4000000, DS: 196418
  DEBUG:root:BZ 4 TICK: 712, IP: 19, ADDR: 4, TOS: 0, DS: 196418
  DEBUG:root:DUP 0 TICK: 713, IP: 4, ADDR: 4, TOS: 196418, DS: 121393
  DEBUG:root:PUSH 2 TICK: 715, IP: 5, ADDR: 4, TOS: 196418, DS: 196418
  DEBUG:root:MOD 0 TICK: 717, IP: 6, ADDR: 4, TOS: 2, DS: 196418
  DEBUG:root:PUSH 0 TICK: 719, IP: 7, ADDR: 4, TOS: 0, DS: 196418
  DEBUG:root:EQ 0 TICK: 721, IP: 8, ADDR: 4, TOS: 0, DS: 0
  DEBUG:root:BZ 14 TICK: 723, IP: 9, ADDR: 4, TOS: 1, DS: 196418
  DEBUG:root:DUP 0 TICK: 724, IP: 10, ADDR: 4, TOS: 196418, DS: 121393
  DEBUG:root:GET 4 TICK: 726, IP: 11, ADDR: 4, TOS: 196418, DS: 196418
  DEBUG:root:ADD 0 TICK: 729, IP: 12, ADDR: 4, TOS: 60696, DS: 196418
  DEBUG:root:POP 4 TICK: 731, IP: 13, ADDR: 4, TOS: 257114, DS: 196418
  DEBUG:root:DUP_D 0 TICK: 734, IP: 14, ADDR: 4, TOS: 196418, DS: 121393
  DEBUG:root:ADD 0 TICK: 740, IP: 15, ADDR: 4, TOS: 196418, DS: 121393
  DEBUG:root:DUP 0 TICK: 742, IP: 16, ADDR: 4, TOS: 317811, DS: 196418
  DEBUG:root:PUSH 4000000 TICK: 744, IP: 17, ADDR: 4, TOS: 317811, DS: 317811
  DEBUG:root:GR 0 TICK: 746, IP: 18, ADDR: 4, TOS: 4000000, DS: 317811
  DEBUG:root:BZ 4 TICK: 748, IP: 19, ADDR: 4, TOS: 0, DS: 317811
  DEBUG:root:DUP 0 TICK: 749, IP: 4, ADDR: 4, TOS: 317811, DS: 196418
  DEBUG:root:PUSH 2 TICK: 751, IP: 5, ADDR: 4, TOS: 317811, DS: 317811
  DEBUG:root:MOD 0 TICK: 753, IP: 6, ADDR: 4, TOS: 2, DS: 317811
  DEBUG:root:PUSH 0 TICK: 755, IP: 7, ADDR: 4, TOS: 1, DS: 317811
  DEBUG:root:EQ 0 TICK: 757, IP: 8, ADDR: 4, TOS: 0, DS: 1
  DEBUG:root:BZ 14 TICK: 759, IP: 9, ADDR: 4, TOS: 0, DS: 317811
  DEBUG:root:DUP_D 0 TICK: 760, IP: 14, ADDR: 4, TOS: 317811, DS: 196418
  DEBUG:root:ADD 0 TICK: 766, IP: 15, ADDR: 4, TOS: 317811, DS: 196418
  DEBUG:root:DUP 0 TICK: 768, IP: 16, ADDR: 4, TOS: 514229, DS: 317811
  DEBUG:root:PUSH 4000000 TICK: 770, IP: 17, ADDR: 4, TOS: 514229, DS: 514229
  DEBUG:root:GR 0 TICK: 772, IP: 18, ADDR: 4, TOS: 4000000, DS: 514229
  DEBUG:root:BZ 4 TICK: 774, IP: 19, ADDR: 4, TOS: 0, DS: 514229
  DEBUG:root:DUP 0 TICK: 775, IP: 4, ADDR: 4, TOS: 514229, DS: 317811
  DEBUG:root:PUSH 2 TICK: 777, IP: 5, ADDR: 4, TOS: 514229, DS: 514229
  DEBUG:root:MOD 0 TICK: 779, IP: 6, ADDR: 4, TOS: 2, DS: 514229
  DEBUG:root:PUSH 0 TICK: 781, IP: 7, ADDR: 4, TOS: 1, DS: 514229
  DEBUG:root:EQ 0 TICK: 783, IP: 8, ADDR: 4, TOS: 0, DS: 1
  DEBUG:root:BZ 14 TICK: 785, IP: 9, ADDR: 4, TOS: 0, DS: 514229
  DEBUG:root:DUP_D 0 TICK: 786, IP: 14, ADDR: 4, TOS: 514229, DS: 317811
  DEBUG:root:ADD 0 TICK: 792, IP: 15, ADDR: 4, TOS: 514229, DS: 317811
  DEBUG:root:DUP 0 TICK: 794, IP: 16, ADDR: 4, TOS: 832040, DS: 514229
  DEBUG:root:PUSH 4000000 TICK: 796, IP: 17, ADDR: 4, TOS: 832040, DS: 832040
  DEBUG:root:GR 0 TICK: 798, IP: 18, ADDR: 4, TOS: 4000000, DS: 832040
  DEBUG:root:BZ 4 TICK: 800, IP: 19, ADDR: 4, TOS: 0, DS: 832040
  DEBUG:root:DUP 0 TICK: 801, IP: 4, ADDR: 4, TOS: 832040, DS: 514229
  DEBUG:root:PUSH 2 TICK: 803, IP: 5, ADDR: 4, TOS: 832040, DS: 832040
  DEBUG:root:MOD 0 TICK: 805, IP: 6, ADDR: 4, TOS: 2, DS: 832040
  DEBUG:root:PUSH 0 TICK: 807, IP: 7, ADDR: 4, TOS: 0, DS: 832040
  DEBUG:root:EQ 0 TICK: 809, IP: 8, ADDR: 4, TOS: 0, DS: 0
  DEBUG:root:BZ 14 TICK: 811, IP: 9, ADDR: 4, TOS: 1, DS: 832040
  DEBUG:root:DUP 0 TICK: 812, IP: 10, ADDR: 4, TOS: 832040, DS: 514229
  DEBUG:root:GET 4 TICK: 814, IP: 11, ADDR: 4, TOS: 832040, DS: 832040
  DEBUG:root:ADD 0 TICK: 817, IP: 12, ADDR: 4, TOS: 257114, DS: 832040
  DEBUG:root:POP 4 TICK: 819, IP: 13, ADDR: 4, TOS: 1089154, DS: 832040
  DEBUG:root:DUP_D 0 TICK: 822, IP: 14, ADDR: 4, TOS: 832040, DS: 514229
  DEBUG:root:ADD 0 TICK: 828, IP: 15, ADDR: 4, TOS: 832040, DS: 514229
  DEBUG:root:DUP 0 TICK: 830, IP: 16, ADDR: 4, TOS: 1346269, DS: 832040
  DEBUG:root:PUSH 4000000 TICK: 832, IP: 17, ADDR: 4, TOS: 1346269, DS: 1346269
  DEBUG:root:GR 0 TICK: 834, IP: 18, ADDR: 4, TOS: 4000000, DS: 1346269
  DEBUG:root:BZ 4 TICK: 836, IP: 19, ADDR: 4, TOS: 0, DS: 1346269
  DEBUG:root:DUP 0 TICK: 837, IP: 4, ADDR: 4, TOS: 1346269, DS: 832040
  DEBUG:root:PUSH 2 TICK: 839, IP: 5, ADDR: 4, TOS: 1346269, DS: 1346269
  DEBUG:root:MOD 0 TICK: 841, IP: 6, ADDR: 4, TOS: 2, DS: 1346269
  DEBUG:root:PUSH 0 TICK: 843, IP: 7, ADDR: 4, TOS: 1, DS: 1346269
  DEBUG:root:EQ 0 TICK: 845, IP: 8, ADDR: 4, TOS: 0, DS: 1
  DEBUG:root:BZ 14 TICK: 847, IP: 9, ADDR: 4, TOS: 0, DS: 1346269
  DEBUG:root:DUP_D 0 TICK: 848, IP: 14, ADDR: 4, TOS: 1346269, DS: 832040
  DEBUG:root:ADD 0 TICK: 854, IP: 15, ADDR: 4, TOS: 1346269, DS: 832040
  DEBUG:root:DUP 0 TICK: 856, IP: 16, ADDR: 4, TOS: 2178309, DS: 1346269
  DEBUG:root:PUSH 4000000 TICK: 858, IP: 17, ADDR: 4, TOS: 2178309, DS: 2178309
  DEBUG:root:GR 0 TICK: 860, IP: 18, ADDR: 4, TOS: 4000000, DS: 2178309
  DEBUG:root:BZ 4 TICK: 862, IP: 19, ADDR: 4, TOS: 0, DS: 2178309
  DEBUG:root:DUP 0 TICK: 863, IP: 4, ADDR: 4, TOS: 2178309, DS: 1346269
  DEBUG:root:PUSH 2 TICK: 865, IP: 5, ADDR: 4, TOS: 2178309, DS: 2178309
  DEBUG:root:MOD 0 TICK: 867, IP: 6, ADDR: 4, TOS: 2, DS: 2178309
  DEBUG:root:PUSH 0 TICK: 869, IP: 7, ADDR: 4, TOS: 1, DS: 2178309
  DEBUG:root:EQ 0 TICK: 871, IP: 8, ADDR: 4, TOS: 0, DS: 1
  DEBUG:root:BZ 14 TICK: 873, IP: 9, ADDR: 4, TOS: 0, DS: 2178309
  DEBUG:root:DUP_D 0 TICK: 874, IP: 14, ADDR: 4, TOS: 2178309, DS: 1346269
  DEBUG:root:ADD 0 TICK: 880, IP: 15, ADDR: 4, TOS: 2178309, DS: 1346269
  DEBUG:root:DUP 0 TICK: 882, IP: 16, ADDR: 4, TOS: 3524578, DS: 2178309
  DEBUG:root:PUSH 4000000 TICK: 884, IP: 17, ADDR: 4, TOS: 3524578, DS: 3524578
  DEBUG:root:GR 0 TICK: 886, IP: 18, ADDR: 4, TOS: 4000000, DS: 3524578
  DEBUG:root:BZ 4 TICK: 888, IP: 19, ADDR: 4, TOS: 0, DS: 3524578
  DEBUG:root:DUP 0 TICK: 889, IP: 4, ADDR: 4, TOS: 3524578, DS: 2178309
  DEBUG:root:PUSH 2 TICK: 891, IP: 5, ADDR: 4, TOS: 3524578, DS: 3524578
  DEBUG:root:MOD 0 TICK: 893, IP: 6, ADDR: 4, TOS: 2, DS: 3524578
  DEBUG:root:PUSH 0 TICK: 895, IP: 7, ADDR: 4, TOS: 0, DS: 3524578
  DEBUG:root:EQ 0 TICK: 897, IP: 8, ADDR: 4, TOS: 0, DS: 0
  DEBUG:root:BZ 14 TICK: 899, IP: 9, ADDR: 4, TOS: 1, DS: 3524578
  DEBUG:root:DUP 0 TICK: 900, IP: 10, ADDR: 4, TOS: 3524578, DS: 2178309
  DEBUG:root:GET 4 TICK: 902, IP: 11, ADDR: 4, TOS: 3524578, DS: 3524578
  DEBUG:root:ADD 0 TICK: 905, IP: 12, ADDR: 4, TOS: 1089154, DS: 3524578
  DEBUG:root:POP 4 TICK: 907, IP: 13, ADDR: 4, TOS: 4613732, DS: 3524578
  DEBUG:root:DUP_D 0 TICK: 910, IP: 14, ADDR: 4, TOS: 3524578, DS: 2178309
  DEBUG:root:ADD 0 TICK: 916, IP: 15, ADDR: 4, TOS: 3524578, DS: 2178309
  DEBUG:root:DUP 0 TICK: 918, IP: 16, ADDR: 4, TOS: 5702887, DS: 3524578
  DEBUG:root:PUSH 4000000 TICK: 920, IP: 17, ADDR: 4, TOS: 5702887, DS: 5702887
  DEBUG:root:GR 0 TICK: 922, IP: 18, ADDR: 4, TOS: 4000000, DS: 5702887
  DEBUG:root:BZ 4 TICK: 924, IP: 19, ADDR: 4, TOS: 1, DS: 5702887
  DEBUG:root:GET 4 TICK: 925, IP: 20, ADDR: 4, TOS: 5702887, DS: 3524578
  DEBUG:root:POP 0 TICK: 928, IP: 21, ADDR: 4, TOS: 4613732, DS: 5702887
  DEBUG:root:EXIT 0 TICK: 931, IP: 22, ADDR: 0, TOS: 5702887, DS: 3524578
  INFO:root:output_buffer: '4613732'

